{
    "user_name": "itoi10",
    "passward": "test"
}