{
    "user_name": "itoi10",
    "password": "test"
}